// Jest Snapshot v1, https://goo.gl/fbAQLP

exports[`Container <MainSection /> render() Renders the component 1`] = `
<Home
  dispatch={[Function]}
  store={
    Object {
      "clearActions": [Function],
      "dispatch": [Function],
      "getActions": [Function],
      "getState": [Function],
      "replaceReducer": [Function],
      "subscribe": [Function],
    }
  }
  total={9}
/>
`;
