// Jest Snapshot v1, https://goo.gl/fbAQLP

exports[`Container <MainSection /> render() Renders the component 1`] = `
<Product
  addProduct={[Function]}
  productsInCart={
    Array [
      "1",
      "2",
      "3",
      "4",
      "5",
      "6",
      "7",
      "8",
      "9",
    ]
  }
  store={
    Object {
      "clearActions": [Function],
      "dispatch": [Function],
      "getActions": [Function],
      "getState": [Function],
      "replaceReducer": [Function],
      "subscribe": [Function],
    }
  }
/>
`;
